
Memory Configuration

Name             Origin             Length             Attributes
sram             0x000000001fff8000 0x0000000000010000 w !xr
flash            0x0000000000000000 0x0000000000040000 xr
*default*        0x0000000000000000 0xffffffffffffffff

Linker script and memory map

LOAD blinky.o
LOAD sysinit.o
LOAD crt0.o
LOAD ../../lib_teensy/cs140e-teensy-gpio.o
LOAD ../../lib_teensy/cs140e-teensy-uart.o
                0x0000000000002004                TOTAL_RESERVED_STACK = 0x2004
                0x0000000020008000                _top_stack = 0x20008000
                0x0000000000000000                TOTAL_RESERVED_HEAP = 0x0

.text           0x0000000000000000     0x18c0
 CREATE_OBJECT_SYMBOLS
                0x0000000000000000                __interrupt_vector_table = .
 *(.interrupt_vector_table)
 .interrupt_vector_table
                0x0000000000000000      0x410 crt0.o
 *(.startup)
 .startup       0x0000000000000410       0xac crt0.o
                0x0000000000000410                Reset_Handler
                0x0000000000000410                _startup
                0x0000000000000484                NMI_Handler
                0x0000000000000486                HardFault_Handler
                0x0000000000000488                MemManage_Handler
                0x000000000000048a                BusFault_Handler
                0x000000000000048c                UsageFault_Handler
                0x000000000000048e                SVC_Handler
                0x0000000000000490                DebugMon_Handler
                0x0000000000000492                PendSV_Handler
                0x0000000000000494                SysTick_Handler
                0x0000000000000496                Watchdog_IRQHandler
                0x0000000000000496                CMP2_IRQHandler
                0x0000000000000496                Reserved92_IRQHandler
                0x0000000000000496                UART2_RX_TX_IRQHandler
                0x0000000000000496                SWI_IRQHandler
                0x0000000000000496                ADC0_IRQHandler
                0x0000000000000496                Reserved39_IRQHandler
                0x0000000000000496                I2S0_Tx_IRQHandler
                0x0000000000000496                CMT_IRQHandler
                0x0000000000000496                Reserved57_IRQHandler
                0x0000000000000496                SPI1_IRQHandler
                0x0000000000000496                DefaultISR
                0x0000000000000496                DMA9_IRQHandler
                0x0000000000000496                Reserved58_IRQHandler
                0x0000000000000496                DMA14_IRQHandler
                0x0000000000000496                CMP1_IRQHandler
                0x0000000000000496                Reserved71_IRQHandler
                0x0000000000000496                Reserved69_IRQHandler
                0x0000000000000496                PORTB_IRQHandler
                0x0000000000000496                Reserved33_IRQHandler
                0x0000000000000496                Reserved70_IRQHandler
                0x0000000000000496                ADC1_IRQHandler
                0x0000000000000496                PIT2_IRQHandler
                0x0000000000000496                I2S0_Rx_IRQHandler
                0x0000000000000496                LPTimer_IRQHandler
                0x0000000000000496                Reserved53_IRQHandler
                0x0000000000000496                DMA5_IRQHandler
                0x0000000000000496                RTC_IRQHandler
                0x0000000000000496                PDB0_IRQHandler
                0x0000000000000496                FTM1_IRQHandler
                0x0000000000000496                CAN0Xmit_IRQHandler
                0x0000000000000496                Reserved95_IRQHandler
                0x0000000000000496                PIT3_IRQHandler
                0x0000000000000496                UART1Error_IRQHandler
                0x0000000000000496                MCG_IRQHandler
                0x0000000000000496                Reserved108_IRQHandler
                0x0000000000000496                Reserved72_IRQHandler
                0x0000000000000496                Reserved55_IRQHandler
                0x0000000000000496                DMA11_IRQHandler
                0x0000000000000496                Reserved98_IRQHandler
                0x0000000000000496                DMA7_IRQHandler
                0x0000000000000496                Reserved102_IRQHandler
                0x0000000000000496                CAN0Rcv_IRQHandler
                0x0000000000000496                CAN0BusOff_IRQHandler
                0x0000000000000496                USBCharge_IRQHandler
                0x0000000000000496                LLW_IRQHandler
                0x0000000000000496                CAN0Error_IRQHandler
                0x0000000000000496                RTCSeconds_IRQHandler
                0x0000000000000496                Reserved109_IRQHandler
                0x0000000000000496                DMA13_IRQHandler
                0x0000000000000496                USBOTG_IRQHandler
                0x0000000000000496                DMA3_IRQHandler
                0x0000000000000496                UART0_LON_IRQHandler
                0x0000000000000496                DMA0_IRQHandler
                0x0000000000000496                Reserved91_IRQHandler
                0x0000000000000496                DMA15_IRQHandler
                0x0000000000000496                DAC0_IRQHandler
                0x0000000000000496                UART2Error_IRQHandler
                0x0000000000000496                Reserved94_IRQHandler
                0x0000000000000496                DMA4_IRQHandler
                0x0000000000000496                PIT1_IRQHandler
                0x0000000000000496                CAN0Wake_IRQHandler
                0x0000000000000496                DMA_Error_IRQHandler
                0x0000000000000496                LVD_LVW_IRQHandler
                0x0000000000000496                SPI0_IRQHandler
                0x0000000000000496                FTM0_IRQHandler
                0x0000000000000496                PORTA_IRQHandler
                0x0000000000000496                FlashCmd_IRQHandler
                0x0000000000000496                DMA12_IRQHandler
                0x0000000000000496                Reserved44_IRQHandler
                0x0000000000000496                PORTE_IRQHandler
                0x0000000000000496                FTM2_IRQHandler
                0x0000000000000496                Reserved56_IRQHandler
                0x0000000000000496                DMA8_IRQHandler
                0x0000000000000496                Reserved93_IRQHandler
                0x0000000000000496                CAN0Msg_IRQHandler
                0x0000000000000496                DMA10_IRQHandler
                0x0000000000000496                UART1_RX_TX_IRQHandler
                0x0000000000000496                FlashReadErr_IRQHandler
                0x0000000000000496                CMP0_IRQHandler
                0x0000000000000496                PORTC_IRQHandler
                0x0000000000000496                DMA6_IRQHandler
                0x0000000000000496                DMA1_IRQHandler
                0x0000000000000496                Reserved96_IRQHandler
                0x0000000000000496                Reserved67_IRQHandler
                0x0000000000000496                Reserved54_IRQHandler
                0x0000000000000496                TSI_IRQHandler
                0x0000000000000496                I2C0_IRQHandler
                0x0000000000000496                UART0_RX_TX_IRQHandler
                0x0000000000000496                I2C1_IRQHandler
                0x0000000000000496                DMA2_IRQHandler
                0x0000000000000496                Reserved59_IRQHandler
                0x0000000000000496                UART0Error_IRQHandler
                0x0000000000000496                PIT0_IRQHandler
                0x0000000000000496                Reserved68_IRQHandler
 *(.text)
 .text          0x00000000000004bc      0x204 blinky.o
                0x00000000000004bc                PORTD1Handler
                0x00000000000004e0                PORTD_IRQHandler
                0x0000000000000500                delay_us
                0x0000000000000560                soft_uart_transmit
                0x00000000000005ec                timer_init
                0x0000000000000604                main
 .text          0x00000000000006c0      0x514 sysinit.o
                0x00000000000006c0                start
                0x00000000000006d0                sysinit
                0x00000000000007ec                pll_init
                0x0000000000000b90                wdog_disable
 .text          0x0000000000000bd4        0x0 crt0.o
 .text          0x0000000000000bd4      0xb5c ../../lib_teensy/cs140e-teensy-gpio.o
                0x0000000000000bd4                set_gpio
                0x0000000000000de0                set_offset
                0x0000000000000e14                gpio_set_function
                0x0000000000001200                gpio_set_output
                0x000000000000121c                gpio_set_input
                0x0000000000001238                writeA
                0x000000000000127c                writeB
                0x00000000000012c0                writeC
                0x0000000000001304                writeD
                0x0000000000001348                gpio_write
                0x00000000000014ec                readA
                0x0000000000001520                readB
                0x0000000000001554                readC
                0x0000000000001588                readD
                0x00000000000015bc                gpio_read
 .text          0x0000000000001730      0x170 ../../lib_teensy/cs140e-teensy-uart.o
                0x0000000000001730                gpio_init
                0x0000000000001794                uart_init
                0x0000000000001838                uart_send_byte
                0x0000000000001870                uart_println
 *(.text.*)
 *(.glue_7)
 .glue_7        0x0000000000000000        0x0 linker stubs
 *(.glue_7t)
 .glue_7t       0x0000000000000000        0x0 linker stubs
                0x00000000000018a0                . = ALIGN (0x4)
 *(.rodata)
 .rodata        0x00000000000018a0       0x20 blinky.o
 *(.rodata*)
 *(.init)
 *(.fini)
                0x00000000000018c0                . = ALIGN (0x4)
                0x00000000000018c0                _end_data_flash = .

.vfp11_veneer   0x00000000000018c0        0x0
 .vfp11_veneer  0x0000000000000000        0x0 linker stubs

.v4_bx          0x00000000000018c0        0x0
 .v4_bx         0x0000000000000000        0x0 linker stubs

.iplt           0x00000000000018c0        0x0
 .iplt          0x0000000000000000        0x0 blinky.o

.rel.dyn        0x00000000000018c0        0x0
 .rel.iplt      0x0000000000000000        0x0 blinky.o

.RAMVectorTable
 *(.RAMVectorTable)
                0x00000000000018c0                . = ALIGN (0x4)
                0x00000000000018c0                PROVIDE (__exidx_start, .)

.ARM.exidx
 *(.ARM.exidx* .gnu.linkonce.armexidx.*)
                0x00000000000018c0                PROVIDE (__exidx_end, .)

.data           0x000000001fff8000        0x0 load address 0x00000000000018c0
                0x00000000000018c0                _start_data_flash = LOADADDR (.data)
                0x000000001fff8000                _start_data = .
 *(.data)
 .data          0x000000001fff8000        0x0 blinky.o
 .data          0x000000001fff8000        0x0 sysinit.o
 .data          0x000000001fff8000        0x0 crt0.o
 .data          0x000000001fff8000        0x0 ../../lib_teensy/cs140e-teensy-gpio.o
 .data          0x000000001fff8000        0x0 ../../lib_teensy/cs140e-teensy-uart.o
 *(.data.*)
 *(.shdata)
                0x000000001fff8000                _end_data = .

.igot.plt       0x000000001fff8000        0x0 load address 0x00000000000018c0
 .igot.plt      0x0000000000000000        0x0 blinky.o
                0x000000001fff8000                . = ALIGN (0x4)
                0x0000000000000000                _data_size = (_end_data - _start_data)

.noinit
 *(.noinit)
 *(.noinit.*)
                0x000000001fff8000                _start_bss = .

.bss            0x000000001fff8000       0x14 load address 0x00000000000018c0
 *(.bss)
 .bss           0x000000001fff8000        0x4 blinky.o
                0x000000001fff8000                interrupt_inc
 .bss           0x000000001fff8004       0x10 sysinit.o
                0x000000001fff8004                mcg_clk_hz
                0x000000001fff8008                mcg_clk_khz
                0x000000001fff800c                core_clk_khz
                0x000000001fff8010                periph_clk_khz
 .bss           0x000000001fff8014        0x0 crt0.o
 .bss           0x000000001fff8014        0x0 ../../lib_teensy/cs140e-teensy-gpio.o
 .bss           0x000000001fff8014        0x0 ../../lib_teensy/cs140e-teensy-uart.o
 *(.bss.*)
 *(COMMON)
                0x000000001fff8014                . = ALIGN (0x4)
                0x000000001fff8014                PROVIDE (_end_bss, .)
                0x0000000000000014                bss_size = (_end_bss - _start_bss)
                0x0000000020005ffc                _start_stack = (_top_stack - TOTAL_RESERVED_STACK)
                [0x0000000020008000]                _top_stack = _top_stack

/DISCARD/
 *(.eh_*)
                0x000000001fff8014                _end = .
                0x000000001fff8014                PROVIDE (end, .)
OUTPUT(blinky.elf elf32-littlearm)

.debug_info     0x0000000000000000     0x13e1
 .debug_info    0x0000000000000000      0x38a blinky.o
 .debug_info    0x000000000000038a      0x5a8 sysinit.o
 .debug_info    0x0000000000000932      0x48a ../../lib_teensy/cs140e-teensy-gpio.o
 .debug_info    0x0000000000000dbc      0x625 ../../lib_teensy/cs140e-teensy-uart.o

.debug_abbrev   0x0000000000000000      0x56f
 .debug_abbrev  0x0000000000000000      0x195 blinky.o
 .debug_abbrev  0x0000000000000195      0x172 sysinit.o
 .debug_abbrev  0x0000000000000307      0x103 ../../lib_teensy/cs140e-teensy-gpio.o
 .debug_abbrev  0x000000000000040a      0x165 ../../lib_teensy/cs140e-teensy-uart.o

.debug_aranges  0x0000000000000000       0x80
 .debug_aranges
                0x0000000000000000       0x20 blinky.o
 .debug_aranges
                0x0000000000000020       0x20 sysinit.o
 .debug_aranges
                0x0000000000000040       0x20 ../../lib_teensy/cs140e-teensy-gpio.o
 .debug_aranges
                0x0000000000000060       0x20 ../../lib_teensy/cs140e-teensy-uart.o

.debug_line     0x0000000000000000      0x693
 .debug_line    0x0000000000000000      0x15e blinky.o
 .debug_line    0x000000000000015e      0x24c sysinit.o
 .debug_line    0x00000000000003aa      0x1bb ../../lib_teensy/cs140e-teensy-gpio.o
 .debug_line    0x0000000000000565      0x12e ../../lib_teensy/cs140e-teensy-uart.o

.debug_str      0x0000000000000000      0x6c2
 .debug_str     0x0000000000000000      0x1f0 blinky.o
                                        0x231 (size before relaxing)
 .debug_str     0x00000000000001f0      0x28a sysinit.o
                                        0x39c (size before relaxing)
 .debug_str     0x000000000000047a      0x140 ../../lib_teensy/cs140e-teensy-gpio.o
                                        0x276 (size before relaxing)
 .debug_str     0x00000000000005ba      0x108 ../../lib_teensy/cs140e-teensy-uart.o
                                        0x387 (size before relaxing)

.comment        0x0000000000000000       0x11
 .comment       0x0000000000000000       0x11 blinky.o
                                         0x12 (size before relaxing)
 .comment       0x0000000000000000       0x12 sysinit.o
 .comment       0x0000000000000000       0x12 ../../lib_teensy/cs140e-teensy-gpio.o
 .comment       0x0000000000000000       0x12 ../../lib_teensy/cs140e-teensy-uart.o

.ARM.attributes
                0x0000000000000000       0x31
 .ARM.attributes
                0x0000000000000000       0x33 blinky.o
 .ARM.attributes
                0x0000000000000033       0x33 sysinit.o
 .ARM.attributes
                0x0000000000000066       0x21 crt0.o
 .ARM.attributes
                0x0000000000000087       0x33 ../../lib_teensy/cs140e-teensy-gpio.o
 .ARM.attributes
                0x00000000000000ba       0x33 ../../lib_teensy/cs140e-teensy-uart.o

.debug_frame    0x0000000000000000      0x37c
 .debug_frame   0x0000000000000000       0xb8 blinky.o
 .debug_frame   0x00000000000000b8       0x7c sysinit.o
 .debug_frame   0x0000000000000134      0x1c8 ../../lib_teensy/cs140e-teensy-gpio.o
 .debug_frame   0x00000000000002fc       0x80 ../../lib_teensy/cs140e-teensy-uart.o

Cross Reference Table

Symbol                                            File
ADC0_IRQHandler                                   crt0.o
ADC1_IRQHandler                                   crt0.o
BusFault_Handler                                  crt0.o
CAN0BusOff_IRQHandler                             crt0.o
CAN0Error_IRQHandler                              crt0.o
CAN0Msg_IRQHandler                                crt0.o
CAN0Rcv_IRQHandler                                crt0.o
CAN0Wake_IRQHandler                               crt0.o
CAN0Xmit_IRQHandler                               crt0.o
CMP0_IRQHandler                                   crt0.o
CMP1_IRQHandler                                   crt0.o
CMP2_IRQHandler                                   crt0.o
CMT_IRQHandler                                    crt0.o
DAC0_IRQHandler                                   crt0.o
DMA0_IRQHandler                                   crt0.o
DMA10_IRQHandler                                  crt0.o
DMA11_IRQHandler                                  crt0.o
DMA12_IRQHandler                                  crt0.o
DMA13_IRQHandler                                  crt0.o
DMA14_IRQHandler                                  crt0.o
DMA15_IRQHandler                                  crt0.o
DMA1_IRQHandler                                   crt0.o
DMA2_IRQHandler                                   crt0.o
DMA3_IRQHandler                                   crt0.o
DMA4_IRQHandler                                   crt0.o
DMA5_IRQHandler                                   crt0.o
DMA6_IRQHandler                                   crt0.o
DMA7_IRQHandler                                   crt0.o
DMA8_IRQHandler                                   crt0.o
DMA9_IRQHandler                                   crt0.o
DMA_Error_IRQHandler                              crt0.o
DebugMon_Handler                                  crt0.o
DefaultISR                                        crt0.o
FTM0_IRQHandler                                   crt0.o
FTM1_IRQHandler                                   crt0.o
FTM2_IRQHandler                                   crt0.o
FlashCmd_IRQHandler                               crt0.o
FlashReadErr_IRQHandler                           crt0.o
HardFault_Handler                                 crt0.o
I2C0_IRQHandler                                   crt0.o
I2C1_IRQHandler                                   crt0.o
I2S0_Rx_IRQHandler                                crt0.o
I2S0_Tx_IRQHandler                                crt0.o
LLW_IRQHandler                                    crt0.o
LPTimer_IRQHandler                                crt0.o
LVD_LVW_IRQHandler                                crt0.o
MCG_IRQHandler                                    crt0.o
MemManage_Handler                                 crt0.o
NMI_Handler                                       crt0.o
PDB0_IRQHandler                                   crt0.o
PIT0_IRQHandler                                   crt0.o
PIT1_IRQHandler                                   crt0.o
PIT2_IRQHandler                                   crt0.o
PIT3_IRQHandler                                   crt0.o
PORTA_IRQHandler                                  crt0.o
PORTB_IRQHandler                                  crt0.o
PORTC_IRQHandler                                  crt0.o
PORTD1Handler                                     blinky.o
PORTD_IRQHandler                                  blinky.o
PORTE_IRQHandler                                  crt0.o
PendSV_Handler                                    crt0.o
RTCSeconds_IRQHandler                             crt0.o
RTC_IRQHandler                                    crt0.o
Reserved102_IRQHandler                            crt0.o
Reserved108_IRQHandler                            crt0.o
Reserved109_IRQHandler                            crt0.o
Reserved33_IRQHandler                             crt0.o
Reserved39_IRQHandler                             crt0.o
Reserved44_IRQHandler                             crt0.o
Reserved53_IRQHandler                             crt0.o
Reserved54_IRQHandler                             crt0.o
Reserved55_IRQHandler                             crt0.o
Reserved56_IRQHandler                             crt0.o
Reserved57_IRQHandler                             crt0.o
Reserved58_IRQHandler                             crt0.o
Reserved59_IRQHandler                             crt0.o
Reserved67_IRQHandler                             crt0.o
Reserved68_IRQHandler                             crt0.o
Reserved69_IRQHandler                             crt0.o
Reserved70_IRQHandler                             crt0.o
Reserved71_IRQHandler                             crt0.o
Reserved72_IRQHandler                             crt0.o
Reserved91_IRQHandler                             crt0.o
Reserved92_IRQHandler                             crt0.o
Reserved93_IRQHandler                             crt0.o
Reserved94_IRQHandler                             crt0.o
Reserved95_IRQHandler                             crt0.o
Reserved96_IRQHandler                             crt0.o
Reserved98_IRQHandler                             crt0.o
Reset_Handler                                     crt0.o
SPI0_IRQHandler                                   crt0.o
SPI1_IRQHandler                                   crt0.o
SVC_Handler                                       crt0.o
SWI_IRQHandler                                    crt0.o
SysTick_Handler                                   crt0.o
TSI_IRQHandler                                    crt0.o
UART0Error_IRQHandler                             crt0.o
UART0_LON_IRQHandler                              crt0.o
UART0_RX_TX_IRQHandler                            crt0.o
UART1Error_IRQHandler                             crt0.o
UART1_RX_TX_IRQHandler                            crt0.o
UART2Error_IRQHandler                             crt0.o
UART2_RX_TX_IRQHandler                            crt0.o
USBCharge_IRQHandler                              crt0.o
USBOTG_IRQHandler                                 crt0.o
UsageFault_Handler                                crt0.o
Watchdog_IRQHandler                               crt0.o
__interrupt_vector_table                          crt0.o
_data_size                                        crt0.o
_end_bss                                          crt0.o
_start_bss                                        crt0.o
_start_data                                       crt0.o
_start_data_flash                                 crt0.o
_startup                                          crt0.o
_top_stack                                        crt0.o
core_clk_khz                                      sysinit.o
delay_us                                          blinky.o
gpio_init                                         ../../lib_teensy/cs140e-teensy-uart.o
                                                  blinky.o
gpio_read                                         ../../lib_teensy/cs140e-teensy-gpio.o
gpio_set_function                                 ../../lib_teensy/cs140e-teensy-gpio.o
gpio_set_input                                    ../../lib_teensy/cs140e-teensy-gpio.o
gpio_set_output                                   ../../lib_teensy/cs140e-teensy-gpio.o
                                                  blinky.o
gpio_write                                        ../../lib_teensy/cs140e-teensy-gpio.o
                                                  blinky.o
interrupt_inc                                     blinky.o
main                                              blinky.o
                                                  sysinit.o
mcg_clk_hz                                        sysinit.o
                                                  ../../lib_teensy/cs140e-teensy-uart.o
                                                  blinky.o
mcg_clk_khz                                       sysinit.o
periph_clk_khz                                    sysinit.o
pll_init                                          sysinit.o
readA                                             ../../lib_teensy/cs140e-teensy-gpio.o
readB                                             ../../lib_teensy/cs140e-teensy-gpio.o
readC                                             ../../lib_teensy/cs140e-teensy-gpio.o
readD                                             ../../lib_teensy/cs140e-teensy-gpio.o
set_gpio                                          ../../lib_teensy/cs140e-teensy-gpio.o
set_offset                                        ../../lib_teensy/cs140e-teensy-gpio.o
soft_uart_transmit                                blinky.o
start                                             sysinit.o
                                                  crt0.o
sysinit                                           sysinit.o
timer_init                                        blinky.o
uart_init                                         ../../lib_teensy/cs140e-teensy-uart.o
                                                  blinky.o
uart_println                                      ../../lib_teensy/cs140e-teensy-uart.o
                                                  blinky.o
uart_send_byte                                    ../../lib_teensy/cs140e-teensy-uart.o
wdog_disable                                      sysinit.o
                                                  crt0.o
writeA                                            ../../lib_teensy/cs140e-teensy-gpio.o
writeB                                            ../../lib_teensy/cs140e-teensy-gpio.o
writeC                                            ../../lib_teensy/cs140e-teensy-gpio.o
writeD                                            ../../lib_teensy/cs140e-teensy-gpio.o
